// Bun Snapshot v1, https://goo.gl/fbAQLP

exports[`returns all members 1`] = `
"<!DOCTYPE html>Bonjour,

Votre demande pour rejoindre l&#39;organisation Â« ğŸ¦„ Â» a Ã©tÃ© prise en compte sur https://app.moncomptepro.beta.gouv.fr.

Vous possÃ©dez dÃ©jÃ  un compte MonComptePro :

- adora.pony@uni.corn
- pink.diamond@uni.corn
- red.diamond@uni.corn

Merci de bien vouloir vous connecter avec le compte dÃ©jÃ  existant.

Je reste Ã  votre disposition pour tout complÃ©ment d&#39;information.

Excellente journÃ©e,
Lâ€™Ã©quipe MonComptePro."
`;

exports[`returns Diamond members 1`] = `
"<!DOCTYPE html>Bonjour,

Votre demande pour rejoindre l&#39;organisation Â« ğŸ¦„ Â» a Ã©tÃ© prise en compte sur https://app.moncomptepro.beta.gouv.fr.

Vous possÃ©dez dÃ©jÃ  un compte MonComptePro :

- pink.diamond@uni.corn
- red.diamond@uni.corn

Merci de bien vouloir vous connecter avec le compte dÃ©jÃ  existant.

Je reste Ã  votre disposition pour tout complÃ©ment d&#39;information.

Excellente journÃ©e,
Lâ€™Ã©quipe MonComptePro."
`;
